// Jest Snapshot v1, https://goo.gl/fbAQLP

exports[`renders the UI as expected 1`] = `
<section
  className="add-event-form"
>
  <div
    className="loader-container loader-edit_form-container"
  >
    <div
      className="Loader"
    >
      <div
        className="loader-circle-overlay loader-edit_form-overlay"
      >
        <i
          className="fas fa-moon small-moon"
        />
      </div>
    </div>
  </div>
</section>
`;
